dantopa@darwin-fe1.lanl.gov:defaults $ sp
/scratch/users/dantopa/new-spack/pr.libhio.spack
t/spack.git"in-fe1.lanl.gov:pr.libhio.spack $ alias graf="echo 'git remote add floquet https://github.com/floquet/spack.git'; git remote add floquet https://github.com/floque
dantopa@darwin-fe1.lanl.gov:pr.libhio.spack $ git pull
Already up-to-date.
dantopa@darwin-fe1.lanl.gov:pr.libhio.spack $ graf
git remote add floquet https://github.com/floquet/spack.git
dantopa@darwin-fe1.lanl.gov:pr.libhio.spack $ mothership
* remote origin
  Fetch URL: https://github.com/spack/spack
  Push  URL: https://github.com/spack/spack
  HEAD branch: develop
  Remote branches:
    FASTMath/ATPESC18                                               tracked
    PR/pymock                                                       tracked
    amklinv/amanzi                                                  tracked
    autotools-cflags                                                tracked
    balay/test                                                      tracked
    barry/ceed                                                      tracked
    boost-intel-toolset                                             tracked
    bugfix/flag-propagation-into-concrete-specs                     tracked
    bugfix/m4_sierra_gcc_2                                          tracked
    bugfix/mirrors_use_path_expansions                              tracked
    bugfix/multiarch-detection                                      tracked
    bugfix/py-backports-shutil                                      tracked
    bugfix/rpath-ubuntu17                                           tracked
    bugfix/setup-env                                                tracked
    bugfix/yaml-cpp-libc++-compatibility                            tracked
    cdash/xsdk                                                      tracked
    cdash_report_docs                                               tracked
    cray-libsci-and-ver                                             tracked
    cwsmith/simmodsuite                                             tracked
    cwsmith/zoltanInt64                                             tracked
    default-cmake-build-type-empty                                  tracked
    develop                                                         tracked
    docs/linux-containers-on-cray                                   tracked
    efischer/170105-PyPIToSpack                                     tracked
    efischer/190121-SetupEnv                                        tracked
    efischer/Python3Fixes                                           tracked
    efischer/docs2                                                  tracked
    enh/py-h5py                                                     tracked
    external_prefix                                                 tracked
    features/anonymous_specs-fix                                    tracked
    features/better-spec-hash-lookup                                tracked
    features/cflags-resuse                                          tracked
    features/codeclimate                                            tracked
    features/combinatorial-spec-set                                 tracked
    features/context                                                tracked
    features/context_setup                                          tracked
    features/ecp19-tutorial                                         tracked
    features/env-improvements-release                               tracked
    features/fix-cc-wrapper                                         tracked
    features/improve-format-strings                                 tracked
    features/libs-command                                           tracked
    features/make-libelf-default-elf                                tracked
    features/more-coverage                                          tracked
    features/multi-download                                         tracked
    features/package-hash                                           tracked
    features/rstudio                                                tracked
    features/setup_py                                               tracked
    features/sh-commpatible-setup-env                               tracked
    features/shebang-warning-to-msg                                 tracked
    features/stat_coral_test                                        tracked
    features/tty-output                                             tracked
    features/use-module-interface                                   tracked
    features/view-with-env                                          tracked
    fish-shell-1                                                    tracked
    fix-mysqldb1                                                    tracked
    fix_cc                                                          tracked
    flags-and-hashes                                                tracked
    gh-pages                                                        tracked
    gsl_bgq_fix                                                     tracked
    hpcryptdeps                                                     tracked
    implicit-variables-setup                                        tracked
    keita_xsdk_031                                                  tracked
    master                                                          tracked
    mfem                                                            tracked
    mfu-cmake                                                       tracked
    mfu-v0.9                                                        tracked
    ordered-compiler-names                                          tracked
    package/archer                                                  tracked
    packages/cabana                                                 tracked
    packages/kokkos                                                 tracked
    packages/libhio                                                 tracked
    packages/matplotlib-3.0.0                                       tracked
    packages/pruners-mpi                                            tracked
    packages/py-espresso                                            tracked
    packages/tulip                                                  tracked
    pkg/cquery                                                      tracked
    proto/sys-packages-old                                          tracked
    refactor/remove-parse-anonymous-spec                            tracked
    refs/remotes/origin/balay/fix-petsc-xsdk-0.2.0                  stale (use 'git remote prune' to remove)
    refs/remotes/origin/balay/jthies/xsdk-add-phist                 stale (use 'git remote prune' to remove)
    refs/remotes/origin/balay/petsc-fix-cc-in-petscvariables        stale (use 'git remote prune' to remove)
    refs/remotes/origin/balay/petsc-python3                         stale (use 'git remote prune' to remove)
    refs/remotes/origin/balay/py-petsc4py-3.10.1                    stale (use 'git remote prune' to remove)
    refs/remotes/origin/balay/update-superlu-dist-v6.1.0-checksum   stale (use 'git remote prune' to remove)
    refs/remotes/origin/balay/xsdk-0.4.0                            stale (use 'git remote prune' to remove)
    refs/remotes/origin/balay/xsdk-develop                          stale (use 'git remote prune' to remove)
    refs/remotes/origin/bugfix/clang-mixed-compiler-names           stale (use 'git remote prune' to remove)
    refs/remotes/origin/bugfix/correct_install_path_scheme_defaults stale (use 'git remote prune' to remove)
    refs/remotes/origin/bugfix/environment-symlinks                 stale (use 'git remote prune' to remove)
    refs/remotes/origin/bugfix/install-use-cache                    stale (use 'git remote prune' to remove)
    refs/remotes/origin/bugfix/multimethod-inheritance              stale (use 'git remote prune' to remove)
    refs/remotes/origin/bugfix/no-ignored-files-in-license-check    stale (use 'git remote prune' to remove)
    refs/remotes/origin/bugfix/symlink-relocation                   stale (use 'git remote prune' to remove)
    refs/remotes/origin/bugfix/use-cache                            stale (use 'git remote prune' to remove)
    refs/remotes/origin/cdash_report_clean_results                  stale (use 'git remote prune' to remove)
    refs/remotes/origin/cwsmith/pumi-simmodsuite                    stale (use 'git remote prune' to remove)
    refs/remotes/origin/docs/sc18-basic-usage-tutorial-update       stale (use 'git remote prune' to remove)
    refs/remotes/origin/efischer/161221-FixSetup                    stale (use 'git remote prune' to remove)
    refs/remotes/origin/efischer/161221-Spackenv-base               stale (use 'git remote prune' to remove)
    refs/remotes/origin/efischer/170808-FixSetup                    stale (use 'git remote prune' to remove)
    refs/remotes/origin/efischer/180426-FixConfigMerging            stale (use 'git remote prune' to remove)
    refs/remotes/origin/features/allow-overwrite-nonexistent        stale (use 'git remote prune' to remove)
    refs/remotes/origin/features/ccache                             stale (use 'git remote prune' to remove)
    refs/remotes/origin/features/configurable-package-permissions   stale (use 'git remote prune' to remove)
    refs/remotes/origin/features/env-improvements                   stale (use 'git remote prune' to remove)
    refs/remotes/origin/features/env-tutorial                       stale (use 'git remote prune' to remove)
    refs/remotes/origin/features/flag-handlers-in-package-scope     stale (use 'git remote prune' to remove)
    refs/remotes/origin/features/install-default-use-cache          stale (use 'git remote prune' to remove)
    refs/remotes/origin/features/launchmon-ppc64le                  stale (use 'git remote prune' to remove)
    refs/remotes/origin/features/projections                        stale (use 'git remote prune' to remove)
    refs/remotes/origin/get_buildid_from_cdash                      stale (use 'git remote prune' to remove)
    refs/remotes/origin/mysqldb1-fix-depends                        stale (use 'git remote prune' to remove)
    refs/remotes/origin/optionally-save-all-deps-to-yaml            stale (use 'git remote prune' to remove)
    refs/remotes/origin/packages/gromacs                            stale (use 'git remote prune' to remove)
    refs/remotes/origin/packages/miniamr                            stale (use 'git remote prune' to remove)
    refs/remotes/origin/packages/pfunit                             stale (use 'git remote prune' to remove)
    refs/remotes/origin/packages/py_qtawesome                       stale (use 'git remote prune' to remove)
    refs/remotes/origin/packages/stat-4.0.1                         stale (use 'git remote prune' to remove)
    refs/remotes/origin/patch_atlas_num_threads                     stale (use 'git remote prune' to remove)
    refs/remotes/origin/python-2.6-can-fail                         stale (use 'git remote prune' to remove)
    refs/remotes/origin/tutorial/update-basic-usage-output          stale (use 'git remote prune' to remove)
    refs/remotes/origin/wip                                         stale (use 'git remote prune' to remove)
    releases/v0.10.0                                                tracked
    releases/v0.11.0                                                tracked
    releases/v0.11.1                                                tracked
    releases/v0.11.2                                                tracked
    releases/v0.12                                                  tracked
    s3-binary-mirror                                                tracked
    shorten-install-status-help                                     tracked
    specific-targets                                                tracked
    testing/coverage-package                                        tracked
    testing/wip_xsdk                                                tracked
    topic-libSplash160                                              tracked
    tutorials/advanced_packaging                                    tracked
    v-dobrev/detect-batch-system                                    tracked
    v-dobrev/extend-default-spec-queries                            tracked
    v-dobrev/hypre-update                                           tracked
  Local branch configured for 'git pull':
    develop merges with remote develop
  Local ref configured for 'git push':
    develop pushes to develop (up to date)
dantopa@darwin-fe1.lanl.gov:pr.libhio.spack $ vi var/spack/repos/builtin/packages/libhio/package.py
dantopa@darwin-fe1.lanl.gov:pr.libhio.spack $ vi lib/spack/spack/util/module_cmd.py
dantopa@darwin-fe1.lanl.gov:pr.libhio.spack $ git diff var/spack/repos/builtin/packages/libhio/package.py
diff --git a/var/spack/repos/builtin/packages/libhio/package.py b/var/spack/repos/builtin/packages/libhio/package.py
index d76e380..f069393 100644
--- a/var/spack/repos/builtin/packages/libhio/package.py
+++ b/var/spack/repos/builtin/packages/libhio/package.py
@@ -21,8 +21,10 @@ class Libhio(AutotoolsPackage):
     # We don't include older versions since they are missing features
     # needed by current and future consumers of libhio
     #
-    version('1.4.1.2', '38c7d33210155e5796b16d536d1b5cfe')
-    version('1.4.1.0', '6ef566fd8cf31fdcd05fab01dd3fae44')
+    version('1.4.1.3', sha256='b6ad2354f1bc597e7e55fc989ff50944835d64149f4925c2f45df950919e4d08')
+    version('1.4.1.2', sha256='87a0f9b72b7aa69485c40d9bd36f02af653b70e8eed3eb0b50eaeb02ff0a9049')
+    version('1.4.1.1', sha256='5c65d18bf74357f9d9960bf6b9ad2432f8fc5a2b653e72befe4d1caabb9a2f7a')
+    version('1.4.1.0', sha256='963f4a8d365afd92a5593f80946e2c4c79f4185d897436a43fae61dae5567ac4')

     #
     # main users of libhio thru spack will want to use HFDF5 plugin,
dantopa@darwin-fe1.lanl.gov:pr.libhio.spack $ git diff lib/spack/spack/util/module_cmd.py
diff --git a/lib/spack/spack/util/module_cmd.py b/lib/spack/spack/util/module_cmd.py
index 6a1ca81..be86071 100644
--- a/lib/spack/spack/util/module_cmd.py
+++ b/lib/spack/spack/util/module_cmd.py
@@ -25,7 +25,7 @@ def get_module_cmd(bashopts=''):
             return get_module_cmd_from_which()
         except ModuleError:
             raise ModuleError('Spack requires modulecmd or a defined module'
-                              ' fucntion. Make sure modulecmd is in your path'
+                              ' function. Make sure modulecmd is in your path'
                               ' or the function "module" is defined in your'
                               ' bash environment.')

dantopa@darwin-fe1.lanl.gov:pr.libhio.spack $ git add lib/spack/spack/util/module_cmd.py
dantopa@darwin-fe1.lanl.gov:pr.libhio.spack $ git add var/spack/repos/builtin/packages/libhio/package.py
dantopa@darwin-fe1.lanl.gov:pr.libhio.spack $ git checkout -b "add libhio v1.4.1.3"
fatal: 'add libhio v1.4.1.3' is not a valid branch name.
dantopa@darwin-fe1.lanl.gov:pr.libhio.spack $ git checkout -b "add-libhio-v1.4.1.3"
M	etc/spack/defaults/modules.yaml
M	etc/spack/defaults/packages.yaml
M	lib/spack/spack/util/module_cmd.py
M	var/spack/repos/builtin/packages/libhio/package.py
Switched to a new branch 'add-libhio-v1.4.1.3'
dantopa@darwin-fe1.lanl.gov:pr.libhio.spack $ git rm etc/spack/defaults/modules.yaml
error: 'etc/spack/defaults/modules.yaml' has local modifications
(use --cached to keep the file, or -f to force removal)
dantopa@darwin-fe1.lanl.gov:pr.libhio.spack $ git commit -s
Error detected while processing /home/dantopa/.vimrc:
line  113:
E538: No mouse support: mouse=a
Press ENTER or type command to continue
[add-libhio-v1.4.1.3 f797f23] Add libhio v1.4.1.3, 1.4.1.1
 2 files changed, 5 insertions(+), 3 deletions(-)
dantopa@darwin-fe1.lanl.gov:pr.libhio.spack $ git push floquet HEAD
Username for 'https://github.com': floquet
Password for 'https://floquet@github.com':
Counting objects: 27, done.
Delta compression using up to 56 threads.
Compressing objects: 100% (12/12), done.
Writing objects: 100% (14/14), 2.37 KiB | 0 bytes/s, done.
Total 14 (delta 9), reused 0 (delta 0)
remote: Resolving deltas: 100% (9/9), completed with 9 local objects.
remote:
remote: Create a pull request for 'add-libhio-v1.4.1.3' on GitHub by visiting:
remote:      https://github.com/floquet/spack/pull/new/add-libhio-v1.4.1.3
remote:
To https://github.com/floquet/spack.git
 * [new branch]      HEAD -> add-libhio-v1.4.1.3
dantopa@darwin-fe1.lanl.gov:pr.libhio.spack $ date
Mon Feb 25 10:55:48 MST 2019
dantopa@darwin-fe1.lanl.gov:pr.libhio.spack $ pwd
/scratch/users/dantopa/new-spack/pr.libhio.spack
